2026-09-27T09:01:32.228 # bridge open COM10 921600
2026-09-27T09:01:39.411 > i
2026-09-27T09:01:39.489 < 
2026-09-27T09:01:39.489 < SYSTEM INFO
2026-09-27T09:01:39.489 < Build: v7-split-diag1 compiled Sep 27 2026 09:00:15
2026-09-27T09:01:39.489 < BLE stack: NimBLE
2026-09-27T09:01:39.489 < CPU: 240 MHz
2026-09-27T09:01:39.489 < Flash: 16777216 bytes
2026-09-27T09:01:39.489 < Free heap: 181704 bytes
2026-09-27T09:01:39.489 < PSRAM: 0 bytes
2026-09-27T09:01:39.489 < NimBLE BLE5 feature support: yes
2026-09-27T09:01:39.489 < Low-level NimBLE EXT_SCAN: not enabled
2026-09-27T09:01:39.489 < HID mode: off connected=no keyboard_sub=no mouse_sub=no
2026-09-27T09:01:39.489 < 
2026-09-27T09:01:59.187 > b
2026-09-27T09:01:59.266 < [HID] Building GATT/HID services...
2026-09-27T09:01:59.266 < Build: v7-split-diag1 compiled Sep 27 2026 09:00:15
2026-09-27T09:01:59.266 < [DIAG] report value handles: keyboard(ID1)=29 mouse(ID2)=65535
2026-09-27T09:01:59.266 < [DIAG] GAP listener register rc=0
2026-09-27T09:01:59.266 < 
2026-09-27T09:01:59.266 < [HID] Mode STARTED. Advertising as S3-HID-KM-v7 (Generic HID keyboard + mouse).
2026-09-27T09:01:59.266 < [HID] Pairing: Just Works (no PIN). Bonding enabled.
2026-09-27T09:01:59.266 < [HID] GAP appearance=0x03C0 Generic HID; PnP vendor source=Bluetooth SIG, vendor=0x02E5.
2026-09-27T09:01:59.266 < [HID] The scanner is paused. Use 1-4 to resume scanning,
2026-09-27T09:01:59.266 < [HID] or B to stop HID mode.
2026-09-27T09:01:59.266 < [HID] After the target pairs and connects, press t to
2026-09-27T09:01:59.266 < [HID] run the mouse-only notification diagnostic.
2026-09-27T09:04:02.221 # bridge quit
