2026-09-27T10:23:46.646 # bridge open COM10 921600
2026-09-27T10:23:50.163 > i
2026-09-27T10:23:50.240 < 
2026-09-27T10:23:50.240 < SYSTEM INFO
2026-09-27T10:23:50.240 < Build: 0c1fa862dd-dirty-pio-dev core=3.3.12 compiled Sep 27 2026 10:23:17
2026-09-27T10:23:50.240 < BLE stack: NimBLE
2026-09-27T10:23:50.240 < CPU: 240 MHz
2026-09-27T10:23:50.240 < Flash: 16777216 bytes
2026-09-27T10:23:50.240 < Free heap: 178036 bytes
2026-09-27T10:23:50.240 < PSRAM: 8388608 bytes
2026-09-27T10:23:50.240 < NimBLE BLE5 feature support: yes
2026-09-27T10:23:50.240 < Low-level NimBLE EXT_SCAN: not enabled
2026-09-27T10:23:50.240 < HID mode: off connected=no keyboard_sub=no mouse_sub=no
2026-09-27T10:23:50.240 < 
2026-09-27T10:23:51.238 > i
2026-09-27T10:23:51.316 < 
2026-09-27T10:23:51.316 < SYSTEM INFO
2026-09-27T10:23:51.316 < Build: 0c1fa862dd-dirty-pio-dev core=3.3.12 compiled Sep 27 2026 10:23:17
2026-09-27T10:23:51.316 < BLE stack: NimBLE
2026-09-27T10:23:51.316 < CPU: 240 MHz
2026-09-27T10:23:51.316 < Flash: 16777216 bytes
2026-09-27T10:23:51.316 < Free heap: 178036 bytes
2026-09-27T10:23:51.316 < PSRAM: 8388608 bytes
2026-09-27T10:23:51.316 < NimBLE BLE5 feature support: yes
2026-09-27T10:23:51.316 < Low-level NimBLE EXT_SCAN: not enabled
2026-09-27T10:23:51.316 < HID mode: off connected=no keyboard_sub=no mouse_sub=no
2026-09-27T10:23:51.316 < 
2026-09-27T10:23:53.181 > b
2026-09-27T10:23:53.259 < [HID] Building GATT/HID services...
2026-09-27T10:23:53.259 < Build: 0c1fa862dd-dirty-pio-dev core=3.3.12 compiled Sep 27 2026 10:23:17
2026-09-27T10:23:53.259 < [DIAG] report value handles: keyboard(ID1)=29 mouse(ID2)=33
2026-09-27T10:23:53.259 < [DIAG] GAP listener register rc=0
2026-09-27T10:23:53.259 < 
2026-09-27T10:23:53.259 < [HID] Mode STARTED. Advertising as S3-HID-KM-v7 (Generic HID keyboard + mouse).
2026-09-27T10:23:53.259 < [HID] Pairing: Just Works (no PIN). Bonding enabled.
2026-09-27T10:23:53.259 < [HID] GAP appearance=0x03C0 Generic HID; PnP vendor source=Bluetooth SIG, vendor=0x02E5.
2026-09-27T10:23:53.259 < [HID] The scanner is paused. Use 1-4 to resume scanning,
2026-09-27T10:23:53.259 < [HID] or B to stop HID mode.
2026-09-27T10:23:53.259 < [HID] After the target pairs and connects, press t to
2026-09-27T10:23:53.259 < [HID] run the mouse-only notification diagnostic.
2026-09-27T10:23:54.104 < [DIAG 14148] connect status=0 conn=1 encrypted=0 authenticated=0 bonded=0 key_size=0 peer_id=70:32:17:45:B7:D9/0
2026-09-27T10:23:54.104 < 
2026-09-27T10:23:54.104 < [HID] Central CONNECTED. Pairing/bonding in progress.
2026-09-27T10:23:54.104 < [HID] Watch the Win11 target now: Defender history,
2026-09-27T10:23:54.104 < [HID] Sysmon events, and the Bluetooth devices list.
2026-09-27T10:23:54.166 < [DIAG 14208] enc_change status=0 encrypted=1 authenticated=0 bonded=1 key_size=16 peer_id=70:32:17:45:B7:D9/0
2026-09-27T10:23:54.166 < [DIAG 14208] subscribe attr=8(OTHER) reason=restore notify 0->0 indicate 0->1 encrypted=1 authenticated=0 bonded=1 key_size=16 peer_id=70:32:17:45:B7:D9/0
2026-09-27T10:23:54.166 < [DIAG 14209] subscribe attr=38(OTHER) reason=restore notify 0->1 indicate 0->0 encrypted=1 authenticated=0 bonded=1 key_size=16 peer_id=70:32:17:45:B7:D9/0
2026-09-27T10:23:54.166 < [DIAG 14209] subscribe attr=29(keyboard(ID1)) reason=restore notify 0->1 indicate 0->0 encrypted=1 authenticated=0 bonded=1 key_size=16 peer_id=70:32:17:45:B7:D9/0
2026-09-27T10:23:54.166 < [HID] keyboard notifications: SUBSCRIBED
2026-09-27T10:23:54.166 < [DIAG 14209] subscribe attr=33(mouse(ID2)) reason=restore notify 0->1 indicate 0->0 encrypted=1 authenticated=0 bonded=1 key_size=16 peer_id=70:32:17:45:B7:D9/0
2026-09-27T10:23:54.166 < [HID] mouse notifications: SUBSCRIBED
2026-09-27T10:24:01.192 > q
2026-09-27T10:24:01.271 < [HID] mode=yes connected=yes keyboard_sub=yes mouse_sub=yes
2026-09-27T10:24:02.196 # bridge quit
