2026-09-27T11:18:01.518 # bridge open COM10 921600
2026-09-27T11:18:02.054 < READY HIDDIAG-v7. h=help
2026-09-27T11:18:05.061 > i
2026-09-27T11:18:05.139 < 
2026-09-27T11:18:05.139 < SYSTEM INFO
2026-09-27T11:18:05.139 < Build: ce83a47fac-srcb5d63715-pio-dev core=3.3.12 elf_sha256=27a30b5bd2cbbf8323f6904dcddd010fa449a81d4d8720ec975bc460756c952d
2026-09-27T11:18:05.139 < BLE stack: NimBLE
2026-09-27T11:18:05.139 < CPU: 240 MHz
2026-09-27T11:18:05.139 < Flash: 16777216 bytes
2026-09-27T11:18:05.139 < Free heap: 178036 bytes
2026-09-27T11:18:05.139 < PSRAM: 8388608 bytes
2026-09-27T11:18:05.139 < NimBLE BLE5 feature support: yes
2026-09-27T11:18:05.139 < Low-level NimBLE EXT_SCAN: not enabled
2026-09-27T11:18:05.139 < HID mode: off connected=no keyboard_sub=no mouse_sub=no
2026-09-27T11:18:05.139 < 
2026-09-27T11:18:06.058 > b
2026-09-27T11:18:06.138 < [HID] Building GATT/HID services...
2026-09-27T11:18:06.138 < Build: ce83a47fac-srcb5d63715-pio-dev core=3.3.12 elf_sha256=27a30b5bd2cbbf8323f6904dcddd010fa449a81d4d8720ec975bc460756c952d
2026-09-27T11:18:06.138 < [DIAG] report value handles: keyboard(ID1)=29 mouse(ID2)=33
2026-09-27T11:18:06.138 < [DIAG] GAP listener register rc=0
2026-09-27T11:18:06.138 < 
2026-09-27T11:18:06.138 < [HID] Mode STARTED. Advertising as S3-HID-KM-v7 (Generic HID keyboard + mouse).
2026-09-27T11:18:06.138 < [HID] Pairing: Just Works (no PIN). Bonding enabled.
2026-09-27T11:18:06.138 < [HID] GAP appearance=0x03C0 Generic HID; PnP vendor source=Bluetooth SIG, vendor=0x02E5.
2026-09-27T11:18:06.138 < [HID] The scanner is paused. Use 1-4 to resume scanning,
2026-09-27T11:18:06.138 < [HID] or B to stop HID mode.
2026-09-27T11:18:06.138 < [HID] After the target pairs and connects, press t to
2026-09-27T11:18:06.138 < [HID] run the mouse-only notification diagnostic.
2026-09-27T11:18:07.210 < [DIAG 5942] connect status=0 conn=1 encrypted=0 authenticated=0 bonded=0 key_size=0 peer_id=70:32:17:45:B7:D9/0
2026-09-27T11:18:07.210 < 
2026-09-27T11:18:07.210 < [HID] Central CONNECTED. Pairing/bonding in progress.
2026-09-27T11:18:07.210 < [HID] Watch the Win11 target now: Defender history,
2026-09-27T11:18:07.210 < [HID] Sysmon events, and the Bluetooth devices list.
2026-09-27T11:18:07.350 < [DIAG 6032] enc_change status=0 encrypted=1 authenticated=0 bonded=1 key_size=16 peer_id=70:32:17:45:B7:D9/0
2026-09-27T11:18:07.350 < [DIAG 6033] subscribe attr=8(OTHER) reason=restore notify 0->0 indicate 0->1 encrypted=1 authenticated=0 bonded=1 key_size=16 peer_id=70:32:17:45:B7:D9/0
2026-09-27T11:18:07.350 < [DIAG 6033] subscribe attr=38(OTHER) reason=restore notify 0->1 indicate 0->0 encrypted=1 authenticated=0 bonded=1 key_size=16 peer_id=70:32:17:45:B7:D9/0
2026-09-27T11:18:07.350 < [DIAG 6033] subscribe attr=29(keyboard(ID1)) reason=restore notify 0->1 indicate 0->0 encrypted=1 authenticated=0 bonded=1 key_size=16 peer_id=70:32:17:45:B7:D9/0
2026-09-27T11:18:07.350 < [HID] keyboard notifications: SUBSCRIBED
2026-09-27T11:18:07.350 < [DIAG 6033] subscribe attr=33(mouse(ID2)) reason=restore notify 0->1 indicate 0->0 encrypted=1 authenticated=0 bonded=1 key_size=16 peer_id=70:32:17:45:B7:D9/0
2026-09-27T11:18:07.350 < [HID] mouse notifications: SUBSCRIBED
2026-09-27T11:18:14.110 > q
2026-09-27T11:18:14.187 < [HID] mode=yes connected=yes keyboard_sub=yes mouse_sub=yes
2026-09-27T11:18:15.107 # bridge quit
