2026-09-27T09:05:53.741 # bridge open COM10 921600
2026-09-27T09:05:57.241 > b
2026-09-27T09:05:57.321 < [HID] Building GATT/HID services...
2026-09-27T09:05:57.321 < Build: v7-split-diag2-mousefix compiled Sep 27 2026 09:04:40
2026-09-27T09:05:57.321 < [DIAG] report value handles: keyboard(ID1)=29 mouse(ID2)=33
2026-09-27T09:05:57.321 < [DIAG] GAP listener register rc=0
2026-09-27T09:05:57.321 < 
2026-09-27T09:05:57.321 < [HID] Mode STARTED. Advertising as S3-HID-KM-v7 (Generic HID keyboard + mouse).
2026-09-27T09:05:57.321 < [HID] Pairing: Just Works (no PIN). Bonding enabled.
2026-09-27T09:05:57.321 < [HID] GAP appearance=0x03C0 Generic HID; PnP vendor source=Bluetooth SIG, vendor=0x02E5.
2026-09-27T09:05:57.321 < [HID] The scanner is paused. Use 1-4 to resume scanning,
2026-09-27T09:05:57.321 < [HID] or B to stop HID mode.
2026-09-27T09:05:57.321 < [HID] After the target pairs and connects, press t to
2026-09-27T09:05:57.321 < [HID] run the mouse-only notification diagnostic.
2026-09-27T09:10:01.694 < [DIAG 255293] connect status=0 conn=1 encrypted=0 authenticated=0 bonded=0 key_size=0 peer_id=70:32:17:45:B7:D9/0
2026-09-27T09:10:01.694 < 
2026-09-27T09:10:01.694 < [HID] Central CONNECTED. Pairing/bonding in progress.
2026-09-27T09:10:01.694 < [HID] Watch the Win11 target now: Defender history,
2026-09-27T09:10:01.694 < [HID] Sysmon events, and the Bluetooth devices list.
2026-09-27T09:10:02.850 < [DIAG 256438] enc_change status=0 encrypted=1 authenticated=0 bonded=1 key_size=16 peer_id=70:32:17:45:B7:D9/0
2026-09-27T09:10:02.850 < [DIAG 256493] subscribe attr=8(OTHER) reason=write notify 0->0 indicate 0->1 encrypted=1 authenticated=0 bonded=1 key_size=16 peer_id=70:32:17:45:B7:D9/0
2026-09-27T09:10:04.635 < [DIAG 258232] subscribe attr=38(OTHER) reason=write notify 0->1 indicate 0->0 encrypted=1 authenticated=0 bonded=1 key_size=16 peer_id=70:32:17:45:B7:D9/0
2026-09-27T09:10:04.774 < [DIAG 258382] subscribe attr=29(keyboard(ID1)) reason=write notify 0->1 indicate 0->0 encrypted=1 authenticated=0 bonded=1 key_size=16 peer_id=70:32:17:45:B7:D9/0
2026-09-27T09:10:04.774 < [HID] keyboard notifications: SUBSCRIBED
2026-09-27T09:10:04.774 < [DIAG 258413] subscribe attr=33(mouse(ID2)) reason=write notify 0->1 indicate 0->0 encrypted=1 authenticated=0 bonded=1 key_size=16 peer_id=70:32:17:45:B7:D9/0
2026-09-27T09:10:04.774 < [HID] mouse notifications: SUBSCRIBED
2026-09-27T09:10:19.079 > q
2026-09-27T09:10:19.157 < [HID] mode=yes connected=yes keyboard_sub=yes mouse_sub=yes
2026-09-27T09:10:20.233 > t
2026-09-27T09:10:20.311 < 
2026-09-27T09:10:20.311 < [HID t] mouse-only diagnostic test
2026-09-27T09:10:20.311 < [HID t] mode=yes connected=yes mouse_subscribed=yes
2026-09-27T09:10:20.311 < [HID t] STEP 1 -> neutral mouse notify
2026-09-27T09:10:20.452 < [HID t] STEP 2 -> mouse dx=6 dy=0
2026-09-27T09:10:20.592 < [HID t] STEP 3 -> mouse dx=0 dy=6
2026-09-27T09:10:20.733 < [HID t] STEP 4 -> mouse dx=-6 dy=0
2026-09-27T09:10:20.874 < [HID t] STEP 5 -> mouse dx=0 dy=-6
2026-09-27T09:10:21.014 < [HID t] STEP 6 -> final neutral mouse notify
2026-09-27T09:10:21.155 < [HID t] PASS: mouse-only HID notification path stayed connected.
2026-09-27T09:10:48.505 > 1
2026-09-27T09:10:48.583 < [HID] stop: sending neutral mouse report...
2026-09-27T09:10:48.583 < 
2026-09-27T09:10:48.583 < [HID] Mode STOPPED. HID advertising halted.
2026-09-27T09:10:48.583 < [HID] The scanner remains paused; use 1-4 to scan again.
2026-09-27T09:10:48.583 < Starting ACTIVE scan (quiet output)...
2026-09-27T09:10:54.557 > s
2026-09-27T09:10:54.578 < 
2026-09-27T09:10:54.578 < ================ NIMBLE RESEARCH SUMMARY ================
2026-09-27T09:10:54.578 < stack=NimBLE scanning=yes active=yes duplicates=kept slices=1 hid_mode=off
2026-09-27T09:10:54.578 < reports=257 queue_drops=0 stats_drops=0 scan_start_failures=0
2026-09-27T09:10:54.578 < heap_free=164940 heap_min=164844 psram_total=0 psram_free=0
2026-09-27T09:10:54.578 < addr=70:32:17:45:B7:D9 type=public_identity/n/a reports=45 changes=0 conn=yes scan=yes rssi[min/mean/max/sd]=-26/-24.5/-24/0.5 cadence[min/mean/max]=97/133.4/431_ms evt[adv=45 dir=0 scan=0 nonconn=0 rsp=0 other=0] name="WINSTONDESKTOP" age=103_ms fp=008558B7
2026-09-27T09:10:54.578 < addr=31:8A:93:4C:56:AA type=random/non_resolvable_private reports=49 changes=0 conn=no scan=no rssi[min/mean/max/sd]=-79/-30.5/-24/15.2 cadence[min/mean/max]=103/123.2/224_ms evt[adv=0 dir=0 scan=0 nonconn=49 rsp=0 other=0] company=0x0006(Microsoft) age=46_ms fp=F4F9B396
2026-09-27T09:10:54.578 < addr=F0:C7:B5:8B:94:A4 type=random/static_random reports=41 changes=0 conn=yes scan=yes rssi[min/mean/max/sd]=-90/-86.2/-82/1.8 cadence[min/mean/max]=39/143.6/603_ms evt[adv=41 dir=0 scan=0 nonconn=0 rsp=0 other=0] name="EcoNet-ODU-W112416801" age=184_ms fp=095CA2E3
2026-09-27T09:10:54.578 < addr=F8:FF:B8:35:66:72 type=random/static_random reports=2 changes=0 conn=yes scan=yes rssi[min/mean/max/sd]=-70/-68.0/-66/2.8 cadence[min/mean/max]=4019/4019.0/4019_ms evt[adv=2 dir=0 scan=0 nonconn=0 rsp=0 other=0] company=0x004C(Apple) age=1884_ms fp=6D5F6014
2026-09-27T09:10:54.578 < addr=DC:73:B0:74:06:28 type=random/static_random reports=7 changes=0 conn=yes scan=yes rssi[min/mean/max/sd]=-85/-83.1/-82/1.1 cadence[min/mean/max]=47/630.8/1661_ms evt[adv=7 dir=0 scan=0 nonconn=0 rsp=0 other=0] name="EcoNet-FRN-W222323470" age=2087_ms fp=429A174A
2026-09-27T09:10:54.578 < addr=63:C6:74:46:1D:EE type=random/resolvable_private reports=15 changes=0 conn=no scan=yes rssi[min/mean/max/sd]=-66/-63.3/-61/1.8 cadence[min/mean/max]=255/405.3/782_ms evt[adv=0 dir=0 scan=15 nonconn=0 rsp=0 other=0] company=0x00E0(Google) age=196_ms fp=8BC5C328
2026-09-27T09:10:54.578 < addr=A4:30:7A:87:56:B7 type=public/n/a reports=25 changes=0 conn=no scan=no rssi[min/mean/max/sd]=-90/-81.3/-79/3.6 cadence[min/mean/max]=146/238.1/620_ms evt[adv=0 dir=0 scan=0 nonconn=25 rsp=0 other=0] company=0x0075 age=93_ms fp=4C5E1783
2026-09-27T09:10:54.578 < addr=30:09:F9:72:0D:F1 type=public/n/a reports=16 changes=0 conn=yes scan=yes rssi[min/mean/max/sd]=-85/-83.5/-81/1.2 cadence[min/mean/max]=102/380.9/1353_ms evt[adv=16 dir=0 scan=0 nonconn=0 rsp=0 other=0] company=0x0600 name="IoT_PWS." age=67_ms fp=40617B08
2026-09-27T09:10:54.578 < addr=5E:BB:AB:C1:EE:8C type=random/resolvable_private reports=13 changes=0 conn=yes scan=yes rssi[min/mean/max/sd]=-64/-58.6/-56/2.7 cadence[min/mean/max]=272/435.4/1376_ms evt[adv=13 dir=0 scan=0 nonconn=0 rsp=0 other=0] company=0x004C(Apple) tx=8_dBm age=503_ms fp=3E742E71
2026-09-27T09:10:54.578 < addr=D8:D6:68:D7:4C:EE type=public/n/a reports=13 changes=0 conn=yes scan=yes rssi[min/mean/max/sd]=-93/-91.5/-90/1.1 cadence[min/mean/max]=98/376.1/828_ms evt[adv=13 dir=0 scan=0 nonconn=0 rsp=0 other=0] company=0x07D0 name="TY" age=1118_ms fp=175CDD5A
2026-09-27T09:10:54.578 < addr=DB:A8:9C:AB:F0:AB type=random/static_random reports=3 changes=0 conn=no scan=no rssi[min/mean/max/sd]=-74/-65.3/-58/8.1 cadence[min/mean/max]=2006/2006.5/2007_ms evt[adv=0 dir=0 scan=0 nonconn=3 rsp=0 other=0] company=0x004C(Apple) age=1450_ms fp=D0870B5D
2026-09-27T09:10:54.578 < addr=79:79:79:8D:3B:7A type=random/resolvable_private reports=7 changes=0 conn=no scan=yes rssi[min/mean/max/sd]=-85/-81.0/-77/3.3 cadence[min/mean/max]=521/819.8/1548_ms evt[adv=0 dir=0 scan=7 nonconn=0 rsp=0 other=0] company=0x00E0(Google) age=453_ms fp=5E6DF7DC
2026-09-27T09:10:54.578 < addr=6C:C8:40:3E:9B:3A type=public/n/a reports=14 changes=0 conn=yes scan=yes rssi[min/mean/max/sd]=-76/-72.4/-70/1.9 cadence[min/mean/max]=164/406.5/1319_ms evt[adv=14 dir=0 scan=0 nonconn=0 rsp=0 other=0] name="PROV_3E9B38F" age=50_ms fp=F942495D
2026-09-27T09:10:54.578 < addr=BC:04:35:DB:79:59 type=public/n/a reports=2 changes=0 conn=yes scan=yes rssi[min/mean/max/sd]=-92/-91.5/-91/0.7 cadence[min/mean/max]=2482/2482.0/2482_ms evt[adv=2 dir=0 scan=0 nonconn=0 rsp=0 other=0] company=0x06A8 name="net" age=2791_ms fp=83EE0FC3
2026-09-27T09:10:54.636 < addr=D1:E0:92:66:3C:37 type=random/static_random reports=3 changes=0 conn=no scan=no rssi[min/mean/max/sd]=-63/-60.0/-58/2.6 cadence[min/mean/max]=2000/2000.5/2001_ms evt[adv=0 dir=0 scan=0 nonconn=3 rsp=0 other=0] company=0x004C(Apple) age=626_ms fp=CF8709CA
2026-09-27T09:10:54.636 < addr=6D:AD:AD:16:45:04 type=random/resolvable_private reports=1 changes=0 conn=no scan=yes rssi[min/mean/max/sd]=-96/-96.0/-96/0.0 evt[adv=0 dir=0 scan=1 nonconn=0 rsp=0 other=0] company=0x00E0(Google) age=4141_ms fp=E079466B
2026-09-27T09:10:54.636 < addr=46:48:4B:27:ED:B4 type=random/resolvable_private reports=1 changes=0 conn=yes scan=yes rssi[min/mean/max/sd]=-97/-97.0/-97/0.0 evt[adv=1 dir=0 scan=0 nonconn=0 rsp=0 other=0] company=0x004C(Apple) tx=12_dBm age=2303_ms fp=BF4B6296
2026-09-27T09:10:54.636 < tracked=17/256 rssi_print_floor=-127 verbose=off raw=off decode=on
2026-09-27T09:10:54.636 < =========================================================
2026-09-27T09:10:56.580 > p
2026-09-27T09:10:56.658 < Pausing scanner...
2026-09-27T09:11:04.298 > b
2026-09-27T09:11:04.378 < Build: v7-split-diag2-mousefix compiled Sep 27 2026 09:04:40
2026-09-27T09:11:04.378 < [DIAG] report value handles: keyboard(ID1)=29 mouse(ID2)=33
2026-09-27T09:11:04.378 < 
2026-09-27T09:11:04.378 < [HID] Mode STARTED. Advertising as S3-HID-KM-v7 (Generic HID keyboard + mouse).
2026-09-27T09:11:04.378 < [HID] Pairing: Just Works (no PIN). Bonding enabled.
2026-09-27T09:11:04.378 < [HID] GAP appearance=0x03C0 Generic HID; PnP vendor source=Bluetooth SIG, vendor=0x02E5.
2026-09-27T09:11:04.378 < [HID] The scanner is paused. Use 1-4 to resume scanning,
2026-09-27T09:11:04.378 < [HID] or B to stop HID mode.
2026-09-27T09:11:04.378 < [HID] After the target pairs and connects, press t to
2026-09-27T09:11:04.378 < [HID] run the mouse-only notification diagnostic.
2026-09-27T09:11:24.311 > q
2026-09-27T09:11:24.387 < [HID] mode=yes connected=no keyboard_sub=yes mouse_sub=yes
2026-09-27T09:11:58.966 # bridge quit
